// Jest Snapshot v1, https://goo.gl/fbAQLP

exports[`Render DropdownWithCheckbox Component when has default props 1`] = `
.c0 {
  display: -webkit-box;
  display: -webkit-flex;
  display: -ms-flexbox;
  display: flex;
  -webkit-flex-direction: column;
  -ms-flex-direction: column;
  flex-direction: column;
  -webkit-align-items: flex-start;
  -webkit-box-align: flex-start;
  -ms-flex-align: flex-start;
  align-items: flex-start;
  width: 100%;
  -webkit-transition: all 0.3s;
  transition: all 0.3s;
  height: 64px;
  gap: 0.5rem;
  position: relative;
}

.c1 {
  display: -webkit-box;
  display: -webkit-flex;
  display: -ms-flexbox;
  display: flex;
  -webkit-align-items: flex-start;
  -webkit-box-align: flex-start;
  -ms-flex-align: flex-start;
  align-items: flex-start;
  position: relative;
  -webkit-flex-wrap: wrap;
  -ms-flex-wrap: wrap;
  flex-wrap: wrap;
  box-sizing: content-box;
  width: calc(100% - 2 * 1rem);
  border-radius: 8px;
  padding: 0.625rem 0.9375rem;
  background-color: #FFFFFF;
  -webkit-user-select: none;
  -moz-user-select: none;
  -ms-user-select: none;
  user-select: none;
  box-shadow: 0px 0px 0px 3px transparent;
  border: 1px solid;
  border-color: #A6B5BB;
}

.c4 {
  color: #003FF2;
  font-size: 0.8125rem;
  font-weight: 500;
  line-height: 1.056rem;
  -webkit-text-decoration: none;
  text-decoration: none;
  -webkit-letter-spacing: 0rem;
  -moz-letter-spacing: 0rem;
  -ms-letter-spacing: 0rem;
  letter-spacing: 0rem;
  font-family: 'DM Sans',sans-serif;
  top: unset;
  -webkit-transition: 0.3s;
  transition: 0.3s;
  line-height: 1.0625rem;
  text-align: left;
}

.c6 {
  color: #00224B;
  font-size: 1.0625rem;
  font-weight: 400;
  line-height: 1.381rem;
  -webkit-text-decoration: none;
  text-decoration: none;
  -webkit-letter-spacing: 0rem;
  -moz-letter-spacing: 0rem;
  -ms-letter-spacing: 0rem;
  letter-spacing: 0rem;
  font-family: 'DM Sans',sans-serif;
  display: block;
  -webkit-transition: 0.3s;
  transition: 0.3s;
  line-height: 1.375rem;
  text-align: left;
}

.c6:-webkit-autofill,
.c6:-internal-autofill-selected {
  -webkit-animation-name: onAutoFillStart;
  animation-name: onAutoFillStart;
  -webkit-text-fill-color: #455A73;
  box-shadow: inset 0 0 0 100em #FFFFFF;
}

.c6:not(:-webkit-autofill) {
  -webkit-animation-name: onAutoFillCancel;
  animation-name: onAutoFillCancel;
}

.c8 {
  display: block;
  height: 24px;
  width: 24px;
  position: relative;
  margin: 0.5625rem 0px;
}

.c10 {
  -webkit-mask-image: url(https://qa-static.cashme.com.br/icons/chevron-up.svg);
  mask-image: url(https://qa-static.cashme.com.br/icons/chevron-up.svg);
  background-color: #003FF2;
  background-image: none;
  background-size: 24px;
  width: 24px;
  height: 24px;
  -webkit-mask-position-x: 0;
  mask-position-x: 0;
  -webkit-mask-size: 24px;
  mask-size: 24px;
  -webkit-mask-repeat: no-repeat;
  mask-repeat: no-repeat;
}

.c11 {
  visibility: visible;
  pointer-events: all;
  opacity: 1;
  -webkit-transition: visibility 0.1s,opacity ease 0.3s;
  transition: visibility 0.1s,opacity ease 0.3s;
  z-index: 10;
}

.c11[data-Popper-reference-hidden='true'] {
  visibility: hidden;
  pointer-events: none;
}

.c9 {
  grid-area: icon;
}

.c2 {
  display: grid;
  grid-template: 'label icon' 1.0625rem 'input icon' 1.375rem / minmax(0,1fr) 1.5rem;
  -webkit-column-gap: 1rem;
  column-gap: 1rem;
  row-gap: 0.1875rem;
  position: relative;
  white-space: nowrap;
}

.c3 {
  cursor: pointer;
}

.c5 {
  grid-area: label;
}

.c7 {
  grid-area: input;
  overflow: hidden;
  text-overflow: ellipsis;
  color: #455A73;
}

.c14 {
  display: -webkit-box;
  display: -webkit-flex;
  display: -ms-flexbox;
  display: flex;
  -webkit-align-items: center;
  -webkit-box-align: center;
  -ms-flex-align: center;
  align-items: center;
  color: #00224B;
  font-size: 1.0625rem;
  font-weight: 400;
  line-height: 1.381rem;
  -webkit-text-decoration: none;
  text-decoration: none;
  -webkit-letter-spacing: 0rem;
  -moz-letter-spacing: 0rem;
  -ms-letter-spacing: 0rem;
  letter-spacing: 0rem;
  font-family: 'DM Sans',sans-serif;
  padding: 1rem;
  gap: 0.5rem;
  line-height: 1;
  border-radius: 0.25rem;
  pointer-events: auto;
  height: 2.5rem;
}

.c15 label,
.c15 input {
  cursor: pointer;
}

.c12 {
  display: block;
  background-color: #FFFFFF;
  position: relative;
  height: calc( 2.5rem * undefined + 1rem );
  border-radius: 0.5rem;
  border: 1px solid;
  border-color: #A6B5BB;
}

.c13 {
  height: calc( 2.5rem * 2 + 1rem );
  border-radius: 0.5rem;
  width: 100%;
  box-sizing: border-box;
  z-index: 10;
  overflow-y: auto;
  padding: 0.5rem;
}

.c18 {
  color: #00224B;
  font-size: 0.9375rem;
  font-weight: 400;
  line-height: 1.219rem;
  -webkit-text-decoration: none;
  text-decoration: none;
  -webkit-letter-spacing: 0rem;
  -moz-letter-spacing: 0rem;
  -ms-letter-spacing: 0rem;
  letter-spacing: 0rem;
  font-family: 'DM Sans',sans-serif;
}

.c16 {
  display: -webkit-box;
  display: -webkit-flex;
  display: -ms-flexbox;
  display: flex;
  -webkit-align-items: center;
  -webkit-box-align: center;
  -ms-flex-align: center;
  align-items: center;
}

.c17 {
  -webkit-appearance: none;
  -moz-appearance: none;
  appearance: none;
  background-color: #FFFFFF;
  border: 2px solid #A6B5BB;
  border-radius: 0.25rem;
  display: inline-block;
  position: relative;
  padding: 10px;
  margin-right: 1rem;
}

.c17[indeterminate] {
  background-color: #01B36A;
  border-color: #01B36A;
}

.c17[indeterminate]:after {
  content: '';
  width: 8px;
  height: 2px;
  background-color: #FFFFFF;
  position: absolute;
  top: 9px;
  left: 6px;
  border-radius: 0.25rem;
}

.c17:not([disabled]):hover,
.c17:not([disabled]):focus {
  border-color: #003FF2;
  box-shadow: 0 0 0 4px #003FF23D;
}

.c17[checked] {
  background-color: #01B36A;
  border-color: #01B36A;
}

.c17[checked]:after {
  content: ' ';
  -webkit-mask-image: url(https://qa-static.cashme.com.br/icons/check-bold.svg);
  mask-image: url(https://qa-static.cashme.com.br/icons/check-bold.svg);
  -webkit-mask-size: contain;
  mask-size: contain;
  background-color: #FFFFFF;
  width: 8px;
  height: 6px;
  position: absolute;
  top: 7px;
  left: 6px;
}

<div>
  <div
    class="c0"
  >
    <button
      aria-disabled="false"
      aria-expanded="true"
      aria-haspopup="true"
      aria-readonly="false"
      class="c1 c2 c3"
      id="testLabel testContent"
      name="test"
      type="button"
    >
      <span
        class="c4 c5"
        id="testLabel"
      >
        test1
      </span>
      <div
        class="c6 c7"
        id="testContent"
        value=""
      />
      <div
        class="c8 c9"
      >
        <div
          aria-hidden="true"
          aria-label=""
          class="c10"
          data-testid="Icon"
        />
      </div>
    </button>
    <div
      class="c11"
      data-popper-escaped="true"
      data-popper-placement="bottom-start"
      data-popper-reference-hidden="true"
      data-testid="Popper"
      style="position: absolute; left: 0px; top: 0px; transform: translate(0px, 10px); width: 0px;"
    >
      <div
        class="c12"
      >
        <ul
          class="c13"
        >
          <li
            class="c14 c15"
            role="listitem"
          >
            <label
              class="c16"
              for="testcheckboxvalue1"
            >
              <input
                class="c17"
                id="testcheckboxvalue1"
                name="text1"
                type="checkbox"
              />
              <span
                class="c18"
                data-testid="Text"
              >
                text1
              </span>
            </label>
            
          </li>
          <li
            class="c14 c15"
            role="listitem"
          >
            <label
              class="c16"
              for="testcheckboxvalue2"
            >
              <input
                class="c17"
                id="testcheckboxvalue2"
                name="text2"
                type="checkbox"
              />
              <span
                class="c18"
                data-testid="Text"
              >
                text2
              </span>
            </label>
            
          </li>
        </ul>
        
      </div>
    </div>
  </div>
</div>
`;
