// Jest Snapshot v1, https://goo.gl/fbAQLP

exports[`Modal should render the component correctly when show is true 1`] = `
.c2 {
  color: #00224B;
  font-size: 1.5rem;
  font-weight: 500;
  line-height: 1.8rem;
  -webkit-text-decoration: none;
  text-decoration: none;
  -webkit-letter-spacing: -0.02rem;
  -moz-letter-spacing: -0.02rem;
  -ms-letter-spacing: -0.02rem;
  letter-spacing: -0.02rem;
  font-family: 'DM Sans',sans-serif;
}

.c0 {
  opacity: 1;
  background-color: #000000e0;
  -webkit-transition: all 0.2s ease;
  transition: all 0.2s ease;
  position: fixed;
  top: 0;
  right: 0;
  bottom: 0;
  left: 0;
  display: -webkit-box;
  display: -webkit-flex;
  display: -ms-flexbox;
  display: flex;
  -webkit-align-items: center;
  -webkit-box-align: center;
  -ms-flex-align: center;
  align-items: center;
  -webkit-box-pack: center;
  -webkit-justify-content: center;
  -ms-flex-pack: center;
  justify-content: center;
  -webkit-transform: scale(1);
  -ms-transform: scale(1);
  transform: scale(1);
  z-index: 10;
}

.c0:focus {
  -webkit-transform: scale(1);
  -ms-transform: scale(1);
  transform: scale(1);
}

.c3 {
  border-top: #A6B5BB solid 1px;
  width: 100%;
  height: 1px;
  margin: 0;
}

.c1 {
  width: 100%;
  background-color: #FFFFFF;
  max-width: 550px;
  padding: 2rem 1.5rem;
  border-radius: 0.5rem;
  display: -webkit-box;
  display: -webkit-flex;
  display: -ms-flexbox;
  display: flex;
  -webkit-flex-direction: column;
  -ms-flex-direction: column;
  flex-direction: column;
  -webkit-box-pack: start;
  -webkit-justify-content: flex-start;
  -ms-flex-pack: start;
  justify-content: flex-start;
  -webkit-align-items: flex-start;
  -webkit-box-align: flex-start;
  -ms-flex-align: flex-start;
  align-items: flex-start;
  gap: 1.5rem;
}

<div
  class="c0"
  data-testid="Modal"
  role="dialog"
>
  <div
    aria-describedby="title"
    class="c1"
    id="test"
  >
    <h2
      class="c2"
      data-testid="Title"
      id="modal-title"
    >
      Eu proident veniam aliqua voluptate id.
    </h2>
    <hr
      class="c3"
    />
    <div
      class=""
    >
      Anim eiusmod nisi ex cillum adipisicing sint laborum.
    </div>
  </div>
</div>
`;
