// Jest Snapshot v1, https://goo.gl/fbAQLP

exports[`dropdown menu show render correncly when single working scenario without dom 1`] = `
.c0 {
  border: 2px solid undefined;
  border-radius: 0.5rem;
  background-color: none;
  padding: 0;
  color: #003FF2;
  font-size: 0.625rem;
  font-weight: 500;
  line-height: 1rem;
  -webkit-text-decoration: none;
  text-decoration: none;
  -webkit-letter-spacing: 0rem;
  -moz-letter-spacing: 0rem;
  -ms-letter-spacing: 0rem;
  letter-spacing: 0rem;
  font-family: 'DM Sans',sans-serif;
  width: auto;
  text-align: left;
  gap: 0.5rem;
  -webkit-align-items: center;
  -webkit-box-align: center;
  -ms-flex-align: center;
  align-items: center;
  display: -webkit-inline-box;
  display: -webkit-inline-flex;
  display: -ms-inline-flexbox;
  display: inline-flex;
  cursor: pointer;
  height: 44px;
  opacity: 1;
  -webkit-box-pack: center;
  -webkit-justify-content: center;
  -ms-flex-pack: center;
  justify-content: center;
  text-transform: uppercase;
}

.c0 >div {
  margin: 0 auto;
}

.c0:hover:enabled {
  background-color: none;
  border: 2px solid none;
  color: none;
  font-size: 0.625rem;
  font-weight: 500;
  line-height: 1rem;
  -webkit-text-decoration: none;
  text-decoration: none;
  -webkit-letter-spacing: 0rem;
  -moz-letter-spacing: 0rem;
  -ms-letter-spacing: 0rem;
  letter-spacing: 0rem;
  font-family: 'DM Sans',sans-serif;
}

.c0:active:enabled {
  background-color: none;
  border: 2px solid none;
  color: none;
  font-size: 0.625rem;
  font-weight: 500;
  line-height: 1rem;
  -webkit-text-decoration: none;
  text-decoration: none;
  -webkit-letter-spacing: 0rem;
  -moz-letter-spacing: 0rem;
  -ms-letter-spacing: 0rem;
  letter-spacing: 0rem;
  font-family: 'DM Sans',sans-serif;
}

.c0:active:enabled >div {
  background: none;
}

.c1 {
  visibility: hidden;
  pointer-events: none;
  opacity: 0;
  -webkit-transition: visibility 0.1s,opacity ease 0.3s;
  transition: visibility 0.1s,opacity ease 0.3s;
  z-index: 10;
}

.c1[data-Popper-reference-hidden='true'] {
  visibility: hidden;
  pointer-events: none;
}

.c2:after,
.c2:before {
  display: inline-block;
  border: solid 5px transparent;
  border-top-width: 0;
  border-bottom-width: 8px;
  border-bottom-color: #FFFFFF;
  -webkit-clip-path: circle(59% at 50% 92%);
  clip-path: circle(59% at 50% 92%);
  vertical-align: bottom;
  content: '';
  top: 0;
  position: absolute;
}

.c2:before {
  top: -2px;
  border-bottom-color: #A6B5BB;
}

.c3 {
  background-color: #FFFFFF;
  border: 1px solid #A6B5BB;
  padding: 0.5rem;
  border-radius: 1rem;
  box-shadow: 0px 8px 16px 0px #00224B14;
  list-style: none;
  display: -webkit-box;
  display: -webkit-flex;
  display: -ms-flexbox;
  display: flex;
  -webkit-flex-direction: column;
  -ms-flex-direction: column;
  flex-direction: column;
  gap: 0.5rem;
  -webkit-align-items: stretch;
  -webkit-box-align: stretch;
  -ms-flex-align: stretch;
  align-items: stretch;
}

<div>
  <button
    class="c0"
    data-testid="Button"
    id="test"
    tabindex="-1"
    type="button"
  >
    Menu
  </button>
  <div
    class="c1"
    data-testid="Popper"
    style="position: absolute; left: 0px; top: 0px;"
  >
    <div
      class="c2"
      style="position: absolute; top: -6px;"
    />
    <ul
      aria-labelledby="test"
      class="c3"
      id="resulttest"
      role="listbox"
    >
      <li>
        item 1
      </li>
      <li>
        item 2
      </li>
      <li>
        item 3
      </li>
    </ul>
  </div>
</div>
`;
